{
  "id": "123",
  "displayName": "123",
  "orgMatchers": [
    {
      "matcher": "org-1.*",
      "repoMatchers": [
        {
          "matcher": "repo-1.*",
          "branchMatchers": [
            {
              "matcher": "branch-1.*"
            }
          ]
        }
      ]
    },
    {
      "matcher": "org-2.*",
      "repoMatchers": [
        {
          "matcher": "repo-2.*",
          "branchMatchers": [
            {
              "matcher": "branch-2.*"
            }
          ]
        }
      ]
    }
  ],
  "locale": "el-GR",
  "timezone": "Europe/Athens"
}
