<h3 class="title dashboardConfigId">default</h3>
<div id="content">
<div id="statuses" class="statuses">
    <span class="no-builds">No builds</span>
</div></div>
